// Vitest Snapshot v1, https://vitest.dev/guide/snapshot.html

exports[`run sql, js and ts migrations > up and down 4`] = `
[
  [
    "getting pending migrations before initial 'up'",
  ],
  [
    {
      "event": "migrating",
      "name": "01.one.sql",
    },
  ],
  [
    {
      "durationSeconds": 0.001,
      "event": "migrated",
      "name": "01.one.sql",
    },
  ],
  [
    {
      "event": "migrating",
      "name": "02.two.sql",
    },
  ],
  [
    {
      "durationSeconds": 0.001,
      "event": "migrated",
      "name": "02.two.sql",
    },
  ],
  [
    {
      "event": "migrating",
      "name": "03.three.js",
    },
  ],
  [
    {
      "durationSeconds": 0.001,
      "event": "migrated",
      "name": "03.three.js",
    },
  ],
  [
    {
      "event": "migrating",
      "name": "04.four.ts",
    },
  ],
  [
    {
      "durationSeconds": 0.001,
      "event": "migrated",
      "name": "04.four.ts",
    },
  ],
  [
    {
      "event": "reverting",
      "name": "04.four.ts",
    },
  ],
  [
    {
      "durationSeconds": 0.001,
      "event": "reverted",
      "name": "04.four.ts",
    },
  ],
  [
    {
      "event": "reverting",
      "name": "03.three.js",
    },
  ],
  [
    {
      "durationSeconds": 0.001,
      "event": "reverted",
      "name": "03.three.js",
    },
  ],
  [
    {
      "event": "reverting",
      "name": "02.two.sql",
    },
  ],
  [
    {
      "durationSeconds": 0.001,
      "event": "reverted",
      "name": "02.two.sql",
    },
  ],
  [
    {
      "event": "reverting",
      "name": "01.one.sql",
    },
  ],
  [
    {
      "durationSeconds": 0.001,
      "event": "reverted",
      "name": "01.one.sql",
    },
  ],
  [
    {
      "event": "migrating",
      "name": "01.one.sql",
    },
  ],
  [
    {
      "durationSeconds": 0.001,
      "event": "migrated",
      "name": "01.one.sql",
    },
  ],
  [
    {
      "event": "migrating",
      "name": "02.two.sql",
    },
  ],
  [
    {
      "durationSeconds": 0.001,
      "event": "migrated",
      "name": "02.two.sql",
    },
  ],
  [
    {
      "event": "migrating",
      "name": "03.three.js",
    },
  ],
  [
    {
      "durationSeconds": 0.001,
      "event": "migrated",
      "name": "03.three.js",
    },
  ],
]
`;
